{
    "-profile test": {
        "content": [
            {
                "MAG_ONT:CAT_FASTQ": {
                    "coreutils": 9.5
                },
                "MAG_ONT:CAT_CONTIGS": {
                    "python": "3.10.20"
                },
                "MAG_ONT:LONGREAD_ASSEMBLY:FLYE": {
                    "flye": "2.9.6-b1802"
                },
                "MAG_ONT:BINNING:NORMALIZE_COVERM_CONTIG": {
                    "python": "3.10.20",
                    "pandas": "2.3.3"
                },
                "MAG_ONT:BINNING:DASTOOL": {
                    "dastool": "1.1.6"
                },
                "MAG_ONT:BINNING:COVERM_GENOME": {
                    "coverm": "0.7.0"
                },
                "MAG_ONT:CHECKM": {
                    "checkm2": "1.1.0"
                },
                "MAG_ONT:BINNING:CHECKM": {
                    "checkm2": "1.1.0"
                },
                "MAG_ONT:BINNING:SAMTOOLS": {
                    "samtools": 1.18
                },
                "MAG_ONT:BINNING:DASTOOL_CONTIG2BIN": {
                    "python": "3.10.20",
                    "pandas": "2.3.3"
                },
                "MAG_ONT:BINNING:MINIMAP": {
                    "minimap2": "2.30-r1287"
                },
                "MAG_ONT:BINNING:CONCOCT": {
                    "concoct": "1.1.0"
                },
                "MAG_ONT:BINNING:BWA_MEM": {
                    "bwa-mem2": "2.2.1"
                },
                "MAG_ONT:BINNING:COVERM_CONTIG": {
                    "coverm": "0.7.0"
                },
                "MAG_ONT:BINNING:MAXBIN": {
                    "maxbin2": "2.2.7"
                },
                "MAG_ONT:BINNING:MAG_SUMMARY": {
                    "python": "3.10.20",
                    "pandas": "2.3.3"
                },
                "MAG_ONT:LONGREAD_QC:CHOPPER": {
                    "chopper": "0.8.0"
                },
                "MAG_ONT:BINNING:NORMALIZE_COVERM_GENOME": {
                    "python": "3.10.20",
                    "pandas": "2.3.3"
                },
                "MAG_ONT:BINNING:METABAT": {
                    "metabat2": 2.15
                },
                "MAG_ONT:SEQKIT_SPLITBYLENGTH": {
                    "seqkit": "2.13.0"
                },
                "MAG_ONT:MERGE_PYRODIGAL": {
                    "coreutils": 9.5
                },
                "MAG_ONT:PYRODIGAL": {
                    "pyrodigal": "3.7.0"
                },
                "MAG_ONT:BINNING:MAXBIN_ABUND": {
                    "python": "3.10.20",
                    "pandas": "2.3.3"
                },
                "MAG_ONT:FILTER_HQ_SC": {
                    "python": "3.10.20"
                }
            },
            [
                "group_coassembly",
                "group_coassembly/assembly",
                "group_coassembly/assembly/pyrodigal",
                "group_coassembly/assembly/pyrodigal/coassembly.faa",
                "group_coassembly/assembly/pyrodigal/coassembly.fna",
                "group_coassembly/assembly/pyrodigal/coassembly.gff",
                "group_coassembly/binning",
                "group_coassembly/binning/checkm",
                "group_coassembly/binning/checkm/checkm2_out",
                "group_coassembly/binning/checkm/checkm2_out/quality_report.tsv",
                "group_coassembly/binning/concoct",
                "group_coassembly/binning/concoct/concoct_0.fa",
                "group_coassembly/binning/concoct/concoct_1.fa",
                "group_coassembly/binning/concoct/concoct_10.fa",
                "group_coassembly/binning/concoct/concoct_11.fa",
                "group_coassembly/binning/concoct/concoct_12.fa",
                "group_coassembly/binning/concoct/concoct_2.fa",
                "group_coassembly/binning/concoct/concoct_3.fa",
                "group_coassembly/binning/concoct/concoct_4.fa",
                "group_coassembly/binning/concoct/concoct_5.fa",
                "group_coassembly/binning/concoct/concoct_7.fa",
                "group_coassembly/binning/concoct/concoct_8.fa",
                "group_coassembly/binning/concoct/concoct_9.fa",
                "group_coassembly/binning/contig2bin",
                "group_coassembly/binning/contig2bin/concoct_contig2bin.tsv",
                "group_coassembly/binning/contig2bin/maxbin_contig2bin.tsv",
                "group_coassembly/binning/contig2bin/metabat_contig2bin.tsv",
                "group_coassembly/binning/coverm",
                "group_coassembly/binning/coverm/coverm_genome_stats.tsv",
                "group_coassembly/binning/coverm/coverm_genome_stats_norm.tsv",
                "group_coassembly/binning/dastool",
                "group_coassembly/binning/dastool/concoct_10.fa",
                "group_coassembly/binning/dastool/concoct_12_sub.fa",
                "group_coassembly/binning/dastool/concoct_5.fa",
                "group_coassembly/binning/dastool/concoct_8.fa",
                "group_coassembly/binning/dastool/maxbin_bin.002_sub.fa",
                "group_coassembly/binning/dastool/maxbin_bin.003_sub.fa",
                "group_coassembly/binning/dastool/metabat_bin.10_sub.fa",
                "group_coassembly/binning/final_bins",
                "group_coassembly/binning/final_bins/concoct_10.fa",
                "group_coassembly/binning/final_bins/concoct_12_sub.fa",
                "group_coassembly/binning/final_bins/concoct_5.fa",
                "group_coassembly/binning/final_bins/concoct_8.fa",
                "group_coassembly/binning/final_bins/maxbin_bin.002_sub.fa",
                "group_coassembly/binning/final_bins/maxbin_bin.003_sub.fa",
                "group_coassembly/binning/final_bins/metabat_bin.10_sub.fa",
                "group_coassembly/binning/maxbin",
                "group_coassembly/binning/maxbin/maxbin_abund.txt",
                "group_coassembly/binning/maxbin/maxbin_bin.001.fasta",
                "group_coassembly/binning/maxbin/maxbin_bin.002.fasta",
                "group_coassembly/binning/maxbin/maxbin_bin.003.fasta",
                "group_coassembly/binning/metabat",
                "group_coassembly/binning/metabat/coassembly_depth.txt",
                "group_coassembly/binning/metabat/metabat_bin.1.fa",
                "group_coassembly/binning/metabat/metabat_bin.10.fa",
                "group_coassembly/binning/metabat/metabat_bin.2.fa",
                "group_coassembly/binning/metabat/metabat_bin.3.fa",
                "group_coassembly/binning/metabat/metabat_bin.4.fa",
                "group_coassembly/binning/metabat/metabat_bin.5.fa",
                "group_coassembly/binning/metabat/metabat_bin.6.fa",
                "group_coassembly/binning/metabat/metabat_bin.7.fa",
                "group_coassembly/binning/metabat/metabat_bin.8.fa",
                "group_coassembly/binning/metabat/metabat_bin.9.fa",
                "group_coassembly/binning/summary",
                "group_coassembly/binning/summary/coassembly_contig2bin.csv",
                "group_coassembly/binning/summary/coassembly_mag_summary.csv",
                "group_coassembly/mapping",
                "group_coassembly/mapping/coverm",
                "group_coassembly/mapping/coverm/coverm_contig_stats.tsv",
                "group_coassembly/mapping/genes",
                "group_coassembly/mapping/genes/gene_abund_norm.tsv",
                "group_coassembly/mapping/samtools",
                "group_coassembly/mapping/samtools/test1.bam",
                "group_coassembly/mapping/samtools/test1.bam.bai",
                "group_coassembly/mapping/samtools/test2.bam",
                "group_coassembly/mapping/samtools/test2.bam.bai",
                "group_ont_test3",
                "group_ont_test3/assembly",
                "group_ont_test3/assembly/pyrodigal",
                "group_ont_test3/assembly/pyrodigal/ont_test3.faa",
                "group_ont_test3/assembly/pyrodigal/ont_test3.fna",
                "group_ont_test3/assembly/pyrodigal/ont_test3.gff",
                "group_ont_test3/binning",
                "group_ont_test3/binning/checkm",
                "group_ont_test3/binning/checkm/checkm2_out",
                "group_ont_test3/binning/checkm/checkm2_out/quality_report.tsv",
                "group_ont_test3/binning/concoct",
                "group_ont_test3/binning/concoct/concoct_0.fa",
                "group_ont_test3/binning/concoct/concoct_1.fa",
                "group_ont_test3/binning/concoct/concoct_10.fa",
                "group_ont_test3/binning/concoct/concoct_11.fa",
                "group_ont_test3/binning/concoct/concoct_13.fa",
                "group_ont_test3/binning/concoct/concoct_14.fa",
                "group_ont_test3/binning/concoct/concoct_15.fa",
                "group_ont_test3/binning/concoct/concoct_16.fa",
                "group_ont_test3/binning/concoct/concoct_2.fa",
                "group_ont_test3/binning/concoct/concoct_3.fa",
                "group_ont_test3/binning/concoct/concoct_4.fa",
                "group_ont_test3/binning/concoct/concoct_5.fa",
                "group_ont_test3/binning/concoct/concoct_6.fa",
                "group_ont_test3/binning/concoct/concoct_8.fa",
                "group_ont_test3/binning/concoct/concoct_9.fa",
                "group_ont_test3/binning/contig2bin",
                "group_ont_test3/binning/contig2bin/concoct_contig2bin.tsv",
                "group_ont_test3/binning/contig2bin/maxbin_contig2bin.tsv",
                "group_ont_test3/binning/coverm",
                "group_ont_test3/binning/coverm/coverm_genome_stats.tsv",
                "group_ont_test3/binning/coverm/coverm_genome_stats_norm.tsv",
                "group_ont_test3/binning/dastool",
                "group_ont_test3/binning/dastool/concoct_0.fa",
                "group_ont_test3/binning/dastool/concoct_10.fa",
                "group_ont_test3/binning/dastool/maxbin_bin.001.fa",
                "group_ont_test3/binning/dastool/maxbin_bin.002_sub.fa",
                "group_ont_test3/binning/final_bins",
                "group_ont_test3/binning/final_bins/concoct_0.fa",
                "group_ont_test3/binning/final_bins/concoct_10.fa",
                "group_ont_test3/binning/final_bins/maxbin_bin.001.fa",
                "group_ont_test3/binning/final_bins/maxbin_bin.002_sub.fa",
                "group_ont_test3/binning/maxbin",
                "group_ont_test3/binning/maxbin/maxbin_abund.txt",
                "group_ont_test3/binning/maxbin/maxbin_bin.001.fasta",
                "group_ont_test3/binning/maxbin/maxbin_bin.002.fasta",
                "group_ont_test3/binning/metabat",
                "group_ont_test3/binning/metabat/ont_test3_depth.txt",
                "group_ont_test3/binning/summary",
                "group_ont_test3/binning/summary/ont_test3_contig2bin.csv",
                "group_ont_test3/binning/summary/ont_test3_mag_summary.csv",
                "group_ont_test3/mapping",
                "group_ont_test3/mapping/coverm",
                "group_ont_test3/mapping/coverm/coverm_contig_stats.tsv",
                "group_ont_test3/mapping/genes",
                "group_ont_test3/mapping/genes/gene_abund_norm.tsv",
                "group_ont_test3/mapping/samtools",
                "group_ont_test3/mapping/samtools/test3.bam",
                "group_ont_test3/mapping/samtools/test3.bam.bai",
                "group_ont_test4",
                "group_ont_test4/assembly",
                "group_ont_test4/assembly/flye",
                "group_ont_test4/assembly/flye/ont_test4.assembly.fasta",
                "group_ont_test4/assembly/pyrodigal",
                "group_ont_test4/assembly/pyrodigal/ont_test4.faa",
                "group_ont_test4/assembly/pyrodigal/ont_test4.fna",
                "group_ont_test4/assembly/pyrodigal/ont_test4.gff",
                "group_ont_test4/binning",
                "group_ont_test4/binning/checkm",
                "group_ont_test4/binning/checkm/checkm2_out",
                "group_ont_test4/binning/checkm/checkm2_out/quality_report.tsv",
                "group_ont_test4/binning/concoct",
                "group_ont_test4/binning/concoct/concoct_0.fa",
                "group_ont_test4/binning/concoct/concoct_1.fa",
                "group_ont_test4/binning/concoct/concoct_11.fa",
                "group_ont_test4/binning/concoct/concoct_2.fa",
                "group_ont_test4/binning/concoct/concoct_3.fa",
                "group_ont_test4/binning/concoct/concoct_4.fa",
                "group_ont_test4/binning/concoct/concoct_5.fa",
                "group_ont_test4/binning/concoct/concoct_6.fa",
                "group_ont_test4/binning/concoct/concoct_7.fa",
                "group_ont_test4/binning/concoct/concoct_8.fa",
                "group_ont_test4/binning/concoct/concoct_9.fa",
                "group_ont_test4/binning/contig2bin",
                "group_ont_test4/binning/contig2bin/concoct_contig2bin.tsv",
                "group_ont_test4/binning/contig2bin/maxbin_contig2bin.tsv",
                "group_ont_test4/binning/coverm",
                "group_ont_test4/binning/coverm/coverm_genome_stats.tsv",
                "group_ont_test4/binning/coverm/coverm_genome_stats_norm.tsv",
                "group_ont_test4/binning/dastool",
                "group_ont_test4/binning/dastool/maxbin_bin.001.fa",
                "group_ont_test4/binning/dastool/maxbin_bin.002.fa",
                "group_ont_test4/binning/final_bins",
                "group_ont_test4/binning/final_bins/maxbin_bin.001.fa",
                "group_ont_test4/binning/final_bins/maxbin_bin.002.fa",
                "group_ont_test4/binning/maxbin",
                "group_ont_test4/binning/maxbin/maxbin_abund.txt",
                "group_ont_test4/binning/maxbin/maxbin_bin.001.fasta",
                "group_ont_test4/binning/maxbin/maxbin_bin.002.fasta",
                "group_ont_test4/binning/metabat",
                "group_ont_test4/binning/metabat/ont_test4_depth.txt",
                "group_ont_test4/binning/summary",
                "group_ont_test4/binning/summary/ont_test4_contig2bin.csv",
                "group_ont_test4/binning/summary/ont_test4_mag_summary.csv",
                "group_ont_test4/mapping",
                "group_ont_test4/mapping/coverm",
                "group_ont_test4/mapping/coverm/coverm_contig_stats.tsv",
                "group_ont_test4/mapping/genes",
                "group_ont_test4/mapping/genes/gene_abund_norm.tsv",
                "group_ont_test4/mapping/samtools",
                "group_ont_test4/mapping/samtools/test4.bam",
                "group_ont_test4/mapping/samtools/test4.bam.bai",
                "group_ont_test4/reads",
                "group_ont_test4/reads/post_qc",
                "group_ont_test4/reads/post_qc/test4.choppered.fastq.gz",
                "group_test_genome",
                "group_test_genome/assembly",
                "group_test_genome/assembly/pyrodigal",
                "group_test_genome/assembly/pyrodigal/test_genome.faa",
                "group_test_genome/assembly/pyrodigal/test_genome.fna",
                "group_test_genome/assembly/pyrodigal/test_genome.gff",
                "group_test_genome/binning",
                "group_test_genome/binning/checkm",
                "group_test_genome/binning/checkm/checkm2_out",
                "group_test_genome/binning/checkm/checkm2_out/quality_report.tsv",
                "group_test_genome/binning/coverm",
                "group_test_genome/binning/coverm/coverm_genome_stats.tsv",
                "group_test_genome/binning/coverm/coverm_genome_stats_norm.tsv",
                "group_test_genome/binning/final_bins",
                "group_test_genome/binning/final_bins/hq_contigs",
                "group_test_genome/binning/final_bins/hq_contigs/NZ_CP007799.1.fa",
                "group_test_genome/binning/single_contig_mags",
                "group_test_genome/binning/single_contig_mags/checkm2_out",
                "group_test_genome/binning/single_contig_mags/checkm2_out/quality_report.tsv",
                "group_test_genome/binning/summary",
                "group_test_genome/binning/summary/test_genome_contig2bin.csv",
                "group_test_genome/binning/summary/test_genome_mag_summary.csv",
                "group_test_genome/mapping",
                "group_test_genome/mapping/coverm",
                "group_test_genome/mapping/coverm/coverm_contig_stats.tsv",
                "group_test_genome/mapping/genes",
                "group_test_genome/mapping/genes/gene_abund_norm.tsv",
                "group_test_genome/mapping/samtools",
                "group_test_genome/mapping/samtools/test_genome.bam",
                "group_test_genome/mapping/samtools/test_genome.bam.bai",
                "multiqc",
                "multiqc/multiqc_report.html",
                "pipeline_info",
                "pipeline_info/mag-ont_software_mqc_versions.yml"
            ],
            [
                "coassembly.faa:md5,89be528011351d82201aa49ea4b1be83",
                "coassembly.fna:md5,3a5cca33e92c33ebbd52b82425ca52b5",
                "coassembly.gff:md5,30d59db4a7bdc1dfbeae61942c375ed9",
                "quality_report.tsv:md5,b1238fee1bd52ac9e29444e6917e282f",
                "concoct_0.fa:md5,c028360f891adc3a257c19ef9f304d26",
                "concoct_1.fa:md5,b156f32888ddb3c49de8ba0fa72a40d9",
                "concoct_10.fa:md5,cdb91c82c4bb404159c7c2b7021c983b",
                "concoct_11.fa:md5,49b12ec0e48374270f6193869a4e854f",
                "concoct_12.fa:md5,3b21f3319750ef3372d73f721707f9df",
                "concoct_2.fa:md5,50d4e9f19a7e5fb531c7434f46095d1d",
                "concoct_3.fa:md5,a947099d41c9ee54c6fd975a8898f200",
                "concoct_4.fa:md5,b2059cfcb4838c1f5b299154d7762d50",
                "concoct_5.fa:md5,4366b84ca190fcf5b98071c4a3b81465",
                "concoct_7.fa:md5,71dd7db9fde6bd606713b980cf79ceca",
                "concoct_8.fa:md5,446fa21396d51ca5967bd978b6186909",
                "concoct_9.fa:md5,4077f11b8908e28772419e9f924bded6",
                "concoct_contig2bin.tsv:md5,4ad9c52a61a969474db7eb1a67d8a1bb",
                "maxbin_contig2bin.tsv:md5,4e136ecc63b4dd2e9706c78c141178a2",
                "metabat_contig2bin.tsv:md5,62a63ccf780d423f421e25c21cbeaa11",
                "coverm_genome_stats.tsv:md5,367b01c44911c62ed4e50fb9d6637857",
                "coverm_genome_stats_norm.tsv:md5,6c3a6420e1dff01bdd01f7e4f2783922",
                "concoct_10.fa:md5,b8898a2eab2fe6cd005c1a5c10d267ff",
                "concoct_12_sub.fa:md5,22ec09d3dfeb40039ba2ad054be0df0e",
                "concoct_5.fa:md5,76f14200454406a58a8b2e9f69e0d8e3",
                "concoct_8.fa:md5,9b748840cecb941b8c3211fa8876d05a",
                "maxbin_bin.002_sub.fa:md5,36f7cfac261bde19a3a545cf591ff53d",
                "maxbin_bin.003_sub.fa:md5,f4e4a34a57388002260b3a0c85a0929a",
                "metabat_bin.10_sub.fa:md5,d2f95c8d7d1cdfb802fe44726fcbf875",
                "concoct_10.fa:md5,b8898a2eab2fe6cd005c1a5c10d267ff",
                "concoct_12_sub.fa:md5,22ec09d3dfeb40039ba2ad054be0df0e",
                "concoct_5.fa:md5,76f14200454406a58a8b2e9f69e0d8e3",
                "concoct_8.fa:md5,9b748840cecb941b8c3211fa8876d05a",
                "maxbin_bin.002_sub.fa:md5,36f7cfac261bde19a3a545cf591ff53d",
                "maxbin_bin.003_sub.fa:md5,f4e4a34a57388002260b3a0c85a0929a",
                "metabat_bin.10_sub.fa:md5,d2f95c8d7d1cdfb802fe44726fcbf875",
                "maxbin_abund.txt:md5,ae9438c1edf65a3aba33910698f42a4c",
                "maxbin_bin.001.fasta:md5,2d30ecd748b6e831a9c06a1b29b6f0a7",
                "maxbin_bin.002.fasta:md5,2e8c74d6094be7cff2f2f00ebc6af3d1",
                "maxbin_bin.003.fasta:md5,4415354f46579c39b2fa70dbd812b8f0",
                "coassembly_depth.txt:md5,fc678f47d83928a0d723e01c03f2c36f",
                "metabat_bin.1.fa:md5,9de24c387bcada8ce41fd5a0b9432f5d",
                "metabat_bin.10.fa:md5,ee76ef02c6510c4a763a92d599494cc6",
                "metabat_bin.2.fa:md5,2b6fcee5cc1707fd2b3b663dba3b8e8d",
                "metabat_bin.3.fa:md5,2385806dc23d99baadff63e27b130bcc",
                "metabat_bin.4.fa:md5,d6b211907cb74aa4a5964176034c38df",
                "metabat_bin.5.fa:md5,a9ed93703a071981a04dd96e8f4a116f",
                "metabat_bin.6.fa:md5,8550d6d15d12046d8eba314a9fe01bf1",
                "metabat_bin.7.fa:md5,5c3c10456fefd1cf23b221e0635fdb93",
                "metabat_bin.8.fa:md5,29eae52b4237bc4813ce071c0e1f7e37",
                "metabat_bin.9.fa:md5,ef38f547b9863fe4118b3c295a8d9438",
                "coassembly_contig2bin.csv:md5,59d76082c8edab6e3d2bb76753ea2424",
                "coassembly_mag_summary.csv:md5,73cb8491d1629ce449dd3d86d854535b",
                "coverm_contig_stats.tsv:md5,a1a6968050a01e4ddf901c32f9bed226",
                "gene_abund_norm.tsv:md5,491ff85d3e4d1c5718cdd8311467f16f",
                "ont_test3.faa:md5,32db69121faeb84c24e117c1774f05bb",
                "ont_test3.fna:md5,f693d3375b84714e8dafe6f5e8f1cc33",
                "ont_test3.gff:md5,4acf56b702d123ce156e3cb4d4b3c8b9",
                "quality_report.tsv:md5,80306c96782e34ad9984b37e461929fe",
                "concoct_0.fa:md5,a0a4c2511217ed6243a3d70f9a5fb420",
                "concoct_1.fa:md5,ec7aff99ce60936d2825f9f523fb3dba",
                "concoct_10.fa:md5,5718a38fcdd6b2807b83a6820a568ff4",
                "concoct_11.fa:md5,69a65f25cc64b02fd09b0c6b925a706b",
                "concoct_13.fa:md5,fffb79b501c85b12542e23544103e5b7",
                "concoct_14.fa:md5,2a2f0567fa097908b18d69c137d35ae4",
                "concoct_15.fa:md5,7a0f5b97893f83e8775efcfbd707aea1",
                "concoct_16.fa:md5,e6ff86a718efc0db8b9d048dd822a1b0",
                "concoct_2.fa:md5,06bf52fde73f811585571d82537b0ad8",
                "concoct_3.fa:md5,0a173cb5ac37a9f44bf1f205c32aceb3",
                "concoct_4.fa:md5,77f55f31740c197a68af8f51c841d0e1",
                "concoct_5.fa:md5,ea538488564ed0b50db41d3c726f8ba9",
                "concoct_6.fa:md5,2e137136d9f186894d13d5adc3bcd76f",
                "concoct_8.fa:md5,34d7e5aeaf45b76c62546d5ac6ced355",
                "concoct_9.fa:md5,1210e1822b0cef3126a97eaa7e699bf7",
                "concoct_contig2bin.tsv:md5,8850ae8b10ecdc14aa37a842a28c1f43",
                "maxbin_contig2bin.tsv:md5,995a6d144fa983a9b8d79792042a6919",
                "coverm_genome_stats.tsv:md5,e51afcf380367987f126fdbc3830b937",
                "coverm_genome_stats_norm.tsv:md5,9e72245db5e1a0d0a46ee7327db1ed9e",
                "concoct_0.fa:md5,43df638c8bbbb7e1f21b769d5c91e43a",
                "concoct_10.fa:md5,ae4ff0ed898ddbeb148c1dc30ae768c2",
                "maxbin_bin.001.fa:md5,5b910d8d4465cb206bb3bf5d062d7b22",
                "maxbin_bin.002_sub.fa:md5,55f140ef01dd49c765df0c16023e3a17",
                "concoct_0.fa:md5,43df638c8bbbb7e1f21b769d5c91e43a",
                "concoct_10.fa:md5,ae4ff0ed898ddbeb148c1dc30ae768c2",
                "maxbin_bin.001.fa:md5,5b910d8d4465cb206bb3bf5d062d7b22",
                "maxbin_bin.002_sub.fa:md5,55f140ef01dd49c765df0c16023e3a17",
                "maxbin_abund.txt:md5,346f0cc8b705471f0d9dfccf55de471f",
                "maxbin_bin.001.fasta:md5,43363be46ff7dff33e124df16dbe146e",
                "maxbin_bin.002.fasta:md5,ddd00f8f97528c85ac980ae3a674b4ee",
                "ont_test3_depth.txt:md5,d319c2b404e29e53a3237a52dabc782a",
                "ont_test3_contig2bin.csv:md5,9398c5692fcc4ea8d08051cf66a09d9f",
                "ont_test3_mag_summary.csv:md5,c57dad6e794ff20ed155cac1cd09b7b9",
                "coverm_contig_stats.tsv:md5,094b1b133eaa7d81ad99b0366f1f0a70",
                "gene_abund_norm.tsv:md5,f0f2cd63ba9e6f0d5808cb9a39df5655",
                "ont_test4.assembly.fasta:md5,8ef9f9d7a39f5466eaa120094a3f484a",
                "ont_test4.faa:md5,8a9f511a1963f9a4c62e16e17963b62f",
                "ont_test4.fna:md5,1cf9bc90061847740a60d27ccc4e0907",
                "ont_test4.gff:md5,0a2b92f220b3b6d28daad323056a92f6",
                "quality_report.tsv:md5,29c6bb1e9334c93f82cf72aa0cfac136",
                "concoct_0.fa:md5,1a7070ad4d834b1abd2047ccbfaf28fe",
                "concoct_1.fa:md5,cb3e2230ac167721c316867dc23ef213",
                "concoct_11.fa:md5,2642cc6fba6286275be54487fba06024",
                "concoct_2.fa:md5,4b27fc413a847799e857c13596bf5809",
                "concoct_3.fa:md5,cb9abf510a6147165b1b381a3e1b3bcd",
                "concoct_4.fa:md5,b66d60e99b1017ec9ac0897e9f831a8d",
                "concoct_5.fa:md5,cc012ff40d9c88d6823b0c9d3df93f4d",
                "concoct_6.fa:md5,b7915ad85dab786a0f48e8f08b4242ab",
                "concoct_7.fa:md5,38aeb93b003c26801c7a7036fc0f869e",
                "concoct_8.fa:md5,b3a202b9e5bfb3c50da8a7378655d9eb",
                "concoct_9.fa:md5,f05f3c27d00d1b75e15fc20c12bfbec2",
                "concoct_contig2bin.tsv:md5,ce3110a54263ac0132311388c6e89df0",
                "maxbin_contig2bin.tsv:md5,d444e4b651d2fdf3808d7a2acbbf83af",
                "coverm_genome_stats.tsv:md5,7bd2381e0ace2441934cdf44c00c195d",
                "coverm_genome_stats_norm.tsv:md5,38644d09cf82ade05e47b00d17e2b292",
                "maxbin_bin.001.fa:md5,b688e32f9d4c3d5ef7896748121b9804",
                "maxbin_bin.002.fa:md5,8517d36d7aa500cd83a0cec72f99567d",
                "maxbin_bin.001.fa:md5,b688e32f9d4c3d5ef7896748121b9804",
                "maxbin_bin.002.fa:md5,8517d36d7aa500cd83a0cec72f99567d",
                "maxbin_abund.txt:md5,262cae552aee9727286824ff180b83e1",
                "maxbin_bin.001.fasta:md5,191ad9c89d831053c0bc49f2128685ef",
                "maxbin_bin.002.fasta:md5,16e6a61610b659e89a3c5b68ec65e8cc",
                "ont_test4_depth.txt:md5,b066d8c98a906b79872dac25b5b78ba7",
                "ont_test4_contig2bin.csv:md5,83da81647a82199be4bf25f69103c937",
                "ont_test4_mag_summary.csv:md5,6a5267f167b0d48efd998c16359af4cd",
                "coverm_contig_stats.tsv:md5,8fa69e361866899800ce24ded63a603d",
                "gene_abund_norm.tsv:md5,20f39b8cc6b5908e211bf7e42c17abe3",
                "test4.choppered.fastq.gz:md5,aebe75da8996ce8155c9e59679d056af",
                "test_genome.faa:md5,1ac5bebc51bfded9ee405a81a97c93e5",
                "test_genome.fna:md5,3923e6a5c6f339bfb6d8b8f4b5800cbc",
                "test_genome.gff:md5,ea172a12efe0234b664412049c85293f",
                "quality_report.tsv:md5,5e990e2d4fa6a7221232e0747b9278c9",
                "coverm_genome_stats.tsv:md5,7c0e9dbe57bd7b6c50dcda3116063f49",
                "coverm_genome_stats_norm.tsv:md5,e2242d45cdc01baadb7f981acbc1301b",
                "NZ_CP007799.1.fa:md5,ad195a7a54e48363464b633ef9487151",
                "quality_report.tsv:md5,5e990e2d4fa6a7221232e0747b9278c9",
                "test_genome_contig2bin.csv:md5,63b7c1b4b1d7c2a5eb06fdf74935a071",
                "test_genome_mag_summary.csv:md5,6b4e22cccb088f45124b3fe9ea9f5526",
                "coverm_contig_stats.tsv:md5,6ac719c819164d11eb3e5cb47b880487",
                "gene_abund_norm.tsv:md5,0f3694bb34782d177ec956143b89d596"
            ]
        ],
        "timestamp": "2026-08-11T21:04:57.617072",
        "meta": {
            "nf-test": "0.9.5",
            "nextflow": "26.04.4"
        }
    }
}